src/components/map/Map.tsx(82,5): error TS2322: Type 'DivIcon' is not assignable to type 'Icon<IconOptions>'.
  The types of 'options.iconUrl' are incompatible between these types.
    Type 'string | undefined' is not assignable to type 'string'.
      Type 'undefined' is not assignable to type 'string'.
src/pages/About.tsx(53,84): error TS2322: Type '{ children: Element[]; key: number; className: string; style: { animationDelay: string; }; }' is not assignable to type 'IntrinsicAttributes & CardProps'.
  Property 'style' does not exist on type 'IntrinsicAttributes & CardProps'.
src/pages/About.tsx(85,37): error TS2322: Type '{ children: Element[]; key: number; className: string; style: { animationDelay: string; }; }' is not assignable to type 'IntrinsicAttributes & CardProps'.
  Property 'style' does not exist on type 'IntrinsicAttributes & CardProps'.
src/pages/Contact.tsx(185,37): error TS2322: Type '{ children: Element; key: number; className: string; style: { animationDelay: string; }; }' is not assignable to type 'IntrinsicAttributes & CardProps'.
  Property 'style' does not exist on type 'IntrinsicAttributes & CardProps'.
src/pages/driver/DriverEarnings.tsx(68,64): error TS2322: Type '{ children: Element[]; className: string; style: { animationDelay: string; }; }' is not assignable to type 'IntrinsicAttributes & CardProps'.
  Property 'style' does not exist on type 'IntrinsicAttributes & CardProps'.
src/pages/driver/DriverEarnings.tsx(75,64): error TS2322: Type '{ children: Element[]; className: string; style: { animationDelay: string; }; }' is not assignable to type 'IntrinsicAttributes & CardProps'.
  Property 'style' does not exist on type 'IntrinsicAttributes & CardProps'.
src/pages/driver/DriverEarnings.tsx(82,64): error TS2322: Type '{ children: Element[]; className: string; style: { animationDelay: string; }; }' is not assignable to type 'IntrinsicAttributes & CardProps'.
  Property 'style' does not exist on type 'IntrinsicAttributes & CardProps'.
src/pages/driver/DriverEarnings.tsx(89,64): error TS2322: Type '{ children: Element[]; className: string; style: { animationDelay: string; }; }' is not assignable to type 'IntrinsicAttributes & CardProps'.
  Property 'style' does not exist on type 'IntrinsicAttributes & CardProps'.
src/pages/driver/DriverEarnings.tsx(99,53): error TS2322: Type '{ children: Element[]; className: string; style: { animationDelay: string; }; }' is not assignable to type 'IntrinsicAttributes & CardProps'.
  Property 'style' does not exist on type 'IntrinsicAttributes & CardProps'.
src/pages/driver/DriverEarnings.tsx(110,48): error TS2322: Type '{ children: Element[]; className: string; style: { animationDelay: string; }; }' is not assignable to type 'IntrinsicAttributes & CardProps'.
  Property 'style' does not exist on type 'IntrinsicAttributes & CardProps'.
src/pages/driver/DriverEarnings.tsx(163,98): error TS2322: Type '{ children: Element; className: string; style: { animationDelay: string; }; }' is not assignable to type 'IntrinsicAttributes & CardProps'.
  Property 'style' does not exist on type 'IntrinsicAttributes & CardProps'.
src/pages/Features.tsx(118,33): error TS2322: Type '{ children: Element[]; key: number; className: string; style: { animationDelay: string; }; }' is not assignable to type 'IntrinsicAttributes & CardProps'.
  Property 'style' does not exist on type 'IntrinsicAttributes & CardProps'.
src/pages/Features.tsx(155,102): error TS2322: Type '{ children: Element[]; className: string; style: { animationDelay: string; }; }' is not assignable to type 'IntrinsicAttributes & CardProps'.
  Property 'style' does not exist on type 'IntrinsicAttributes & CardProps'.
src/pages/Features.tsx(191,33): error TS2322: Type '{ children: (false | Element | undefined)[]; key: number; className: string; style: { animationDelay: string; }; }' is not assignable to type 'IntrinsicAttributes & CardProps'.
  Property 'style' does not exist on type 'IntrinsicAttributes & CardProps'.
src/pages/Profile.tsx(109,34): error TS2532: Object is possibly 'undefined'.
src/pages/Profile.tsx(109,72): error TS2532: Object is possibly 'undefined'.
src/pages/Profile.tsx(114,65): error TS2322: Type '{ children: Element[]; className: string; style: { animationDelay: string; }; }' is not assignable to type 'IntrinsicAttributes & CardProps'.
  Property 'style' does not exist on type 'IntrinsicAttributes & CardProps'.
src/pages/Profile.tsx(129,60): error TS2322: Type '{ children: Element[]; className: string; style: { animationDelay: string; }; }' is not assignable to type 'IntrinsicAttributes & CardProps'.
  Property 'style' does not exist on type 'IntrinsicAttributes & CardProps'.
src/pages/Profile.tsx(245,65): error TS2322: Type '{ children: Element[]; className: string; style: { animationDelay: string; }; }' is not assignable to type 'IntrinsicAttributes & CardProps'.
  Property 'style' does not exist on type 'IntrinsicAttributes & CardProps'.
src/pages/Profile.tsx(259,62): error TS2339: Property 'info' does not exist on type '{ (message: Message, opts?: Partial<Pick<Toast, "className" | "id" | "style" | "duration" | "icon" | "ariaProps" | "position" | "iconTheme" | "toasterId" | "removeDelay">> | undefined): string; ... 8 more ...; promise<T>(promise: Promise<...> | (() => Promise<...>), msgs: { ...; }, opts?: DefaultToastOptions | undef...'.
src/pages/Profile.tsx(272,62): error TS2339: Property 'info' does not exist on type '{ (message: Message, opts?: Partial<Pick<Toast, "className" | "id" | "style" | "duration" | "icon" | "ariaProps" | "position" | "iconTheme" | "toasterId" | "removeDelay">> | undefined): string; ... 8 more ...; promise<T>(promise: Promise<...> | (() => Promise<...>), msgs: { ...; }, opts?: DefaultToastOptions | undef...'.
src/pages/rider/RideHistory.tsx(82,64): error TS2322: Type '{ children: Element[]; className: string; style: { animationDelay: string; }; }' is not assignable to type 'IntrinsicAttributes & CardProps'.
  Property 'style' does not exist on type 'IntrinsicAttributes & CardProps'.
src/pages/rider/RideHistory.tsx(88,64): error TS2322: Type '{ children: Element[]; className: string; style: { animationDelay: string; }; }' is not assignable to type 'IntrinsicAttributes & CardProps'.
  Property 'style' does not exist on type 'IntrinsicAttributes & CardProps'.
src/pages/rider/RideHistory.tsx(94,64): error TS2322: Type '{ children: Element[]; className: string; style: { animationDelay: string; }; }' is not assignable to type 'IntrinsicAttributes & CardProps'.
  Property 'style' does not exist on type 'IntrinsicAttributes & CardProps'.
src/pages/rider/RideHistory.tsx(108,25): error TS2322: Type '{ children: Element; key: string; className: string; style: { animationDelay: string; }; }' is not assignable to type 'IntrinsicAttributes & CardProps'.
  Property 'style' does not exist on type 'IntrinsicAttributes & CardProps'.
src/pages/Settings.tsx(91,56): error TS2322: Type '{ children: Element[]; className: string; style: { animationDelay: string; }; }' is not assignable to type 'IntrinsicAttributes & CardProps'.
  Property 'style' does not exist on type 'IntrinsicAttributes & CardProps'.
src/pages/Settings.tsx(129,56): error TS2322: Type '{ children: Element[]; className: string; style: { animationDelay: string; }; }' is not assignable to type 'IntrinsicAttributes & CardProps'.
  Property 'style' does not exist on type 'IntrinsicAttributes & CardProps'.
src/pages/Settings.tsx(148,47): error TS2339: Property 'info' does not exist on type '{ (message: Message, opts?: Partial<Pick<Toast, "className" | "id" | "style" | "duration" | "icon" | "ariaProps" | "position" | "iconTheme" | "toasterId" | "removeDelay">> | undefined): string; ... 8 more ...; promise<T>(promise: Promise<...> | (() => Promise<...>), msgs: { ...; }, opts?: DefaultToastOptions | undef...'.
src/pages/Settings.tsx(208,56): error TS2322: Type '{ children: Element[]; className: string; style: { animationDelay: string; }; }' is not assignable to type 'IntrinsicAttributes & CardProps'.
  Property 'style' does not exist on type 'IntrinsicAttributes & CardProps'.
src/pages/Settings.tsx(231,54): error TS2339: Property 'info' does not exist on type '{ (message: Message, opts?: Partial<Pick<Toast, "className" | "id" | "style" | "duration" | "icon" | "ariaProps" | "position" | "iconTheme" | "toasterId" | "removeDelay">> | undefined): string; ... 8 more ...; promise<T>(promise: Promise<...> | (() => Promise<...>), msgs: { ...; }, opts?: DefaultToastOptions | undef...'.
src/pages/Settings.tsx(239,80): error TS2322: Type '{ children: Element[]; className: string; style: { animationDelay: string; }; }' is not assignable to type 'IntrinsicAttributes & CardProps'.
  Property 'style' does not exist on type 'IntrinsicAttributes & CardProps'.
src/services/mockRides.ts(19,13): error TS2353: Object literal may only specify known properties, and 'vehicleType' does not exist in type 'Ride'.
